Docker version 29.1.5, build 0e6fee6
Fern CLI already supports canonical IR capture
reusing cached Cloudflare wrapper fernapi/fern-typescript-sdk:3.80.1
==> Capturing Fern canonical TypeScript IR
[api]: typescript-sdk Started.
[api]: typescript-sdk fernapi/fern-typescript-sdk Started.
[api]: typescript-sdk ✓ All checks passed
[api]: typescript-sdk fernapi/fern-typescript-sdk Executing generator fernapi/fern-typescript-sdk using container image: fernapi/fern-typescript-sdk:3.80.1
[api]: typescript-sdk fernapi/fern-typescript-sdk Forwarding CLOUDFLARE_FERN_CAPTURE_DIR=/var/folders/5v/bcpy60z558b1y2jctfx6108m0000gq/T/paperclip-run-cre-182-48560595-a41-s2YDGK/forge.OLwVMlih/capture into the generator container
[api]: typescript-sdk fernapi/fern-typescript-sdk Generator logs here: /private/var/folders/5v/bcpy60z558b1y2jctfx6108m0000gq/T/paperclip-run-cre-182-48560595-a41-s2YDGK/tmp-61369-U5bD5gSU3Mbv
[api]: typescript-sdk fernapi/fern-typescript-sdk Wrote files to /var/folders/5v/bcpy60z558b1y2jctfx6108m0000gq/T/paperclip-run-cre-182-48560595-a41-s2YDGK/forge-transformer-sdk-ts-ykuuB4/sdk
[api]: typescript-sdk fernapi/fern-typescript-sdk Finished.
[api]: typescript-sdk Finished.
==> Canonical IR captured in 9s
==> TypeScript shard 1/1
[TIMING] code generation took 924ms
[TIMING] fixPackageJson took 376ms
[TIMING] checkFix took 16736ms
==> 1 TypeScript shards finished in 21s
merged 55 Fern files from 1 canonical-IR shards
Finished in 141ms on 57 files using 12 threads.
==> typescript-sdk: wrote /var/folders/5v/bcpy60z558b1y2jctfx6108m0000gq/T/paperclip-run-cre-182-48560595-a41-s2YDGK/forge-transformer-sdk-ts-ykuuB4/sdk from 1 canonical-IR shards
generate-sdk-map: wrote 2 entr(ies) to /var/folders/5v/bcpy60z558b1y2jctfx6108m0000gq/T/paperclip-run-cre-182-48560595-a41-s2YDGK/forge-transformer-sdk-ts-ykuuB4/sdk/sdk-map.json
  endpoints parsed: 2
  expected non-ignored ops: 2
  alias collisions resolved: 0
  unmatched generated methods: 0
  unresolved spec ops: 0
forge-transformer-sdk-ts: generated 2 operations from /private/tmp/cre-2162-forge-scheduler/apps/create-something-scheduler/forge-pilot/openapi.readonly.json in /private/tmp/cre-2162-forge-scheduler/apps/create-something-scheduler/forge-pilot/generated
